TimeQuest Timing Analyzer report for ULA
Mon Jun 24 20:55:44 2024
Quartus II 64-Bit Version 13.1.0 Build 162 10/23/2013 SJ Web Edition


---------------------
; Table of Contents ;
---------------------
  1. Legal Notice
  2. TimeQuest Timing Analyzer Summary
  3. Parallel Compilation
  4. Clocks
  5. Slow 1200mV 85C Model Fmax Summary
  6. Timing Closure Recommendations
  7. Slow 1200mV 85C Model Setup Summary
  8. Slow 1200mV 85C Model Hold Summary
  9. Slow 1200mV 85C Model Recovery Summary
 10. Slow 1200mV 85C Model Removal Summary
 11. Slow 1200mV 85C Model Minimum Pulse Width Summary
 12. Slow 1200mV 85C Model Minimum Pulse Width: 'C[2]'
 13. Setup Times
 14. Hold Times
 15. Clock to Output Times
 16. Minimum Clock to Output Times
 17. Propagation Delay
 18. Minimum Propagation Delay
 19. Slow 1200mV 85C Model Metastability Report
 20. Slow 1200mV 0C Model Fmax Summary
 21. Slow 1200mV 0C Model Setup Summary
 22. Slow 1200mV 0C Model Hold Summary
 23. Slow 1200mV 0C Model Recovery Summary
 24. Slow 1200mV 0C Model Removal Summary
 25. Slow 1200mV 0C Model Minimum Pulse Width Summary
 26. Slow 1200mV 0C Model Minimum Pulse Width: 'C[2]'
 27. Setup Times
 28. Hold Times
 29. Clock to Output Times
 30. Minimum Clock to Output Times
 31. Propagation Delay
 32. Minimum Propagation Delay
 33. Slow 1200mV 0C Model Metastability Report
 34. Fast 1200mV 0C Model Setup Summary
 35. Fast 1200mV 0C Model Hold Summary
 36. Fast 1200mV 0C Model Recovery Summary
 37. Fast 1200mV 0C Model Removal Summary
 38. Fast 1200mV 0C Model Minimum Pulse Width Summary
 39. Fast 1200mV 0C Model Minimum Pulse Width: 'C[2]'
 40. Setup Times
 41. Hold Times
 42. Clock to Output Times
 43. Minimum Clock to Output Times
 44. Propagation Delay
 45. Minimum Propagation Delay
 46. Fast 1200mV 0C Model Metastability Report
 47. Multicorner Timing Analysis Summary
 48. Setup Times
 49. Hold Times
 50. Clock to Output Times
 51. Minimum Clock to Output Times
 52. Propagation Delay
 53. Minimum Propagation Delay
 54. Board Trace Model Assignments
 55. Input Transition Times
 56. Slow Corner Signal Integrity Metrics
 57. Fast Corner Signal Integrity Metrics
 58. Clock Transfers
 59. Report TCCS
 60. Report RSKM
 61. Unconstrained Paths
 62. TimeQuest Timing Analyzer Messages



----------------
; Legal Notice ;
----------------
Copyright (C) 1991-2013 Altera Corporation
Your use of Altera Corporation's design tools, logic functions 
and other software and tools, and its AMPP partner logic 
functions, and any output files from any of the foregoing 
(including device programming or simulation files), and any 
associated documentation or information are expressly subject 
to the terms and conditions of the Altera Program License 
Subscription Agreement, Altera MegaCore Function License 
Agreement, or other applicable license agreement, including, 
without limitation, that your use is for the sole purpose of 
programming logic devices manufactured by Altera and sold by 
Altera or its authorized distributors.  Please refer to the 
applicable agreement for further details.



+-------------------------------------------------------------------------+
; TimeQuest Timing Analyzer Summary                                       ;
+--------------------+----------------------------------------------------+
; Quartus II Version ; Version 13.1.0 Build 162 10/23/2013 SJ Web Edition ;
; Revision Name      ; ULA                                                ;
; Device Family      ; Cyclone III                                        ;
; Device Name        ; EP3C5F256C6                                        ;
; Timing Models      ; Final                                              ;
; Delay Model        ; Combined                                           ;
; Rise/Fall Delays   ; Enabled                                            ;
+--------------------+----------------------------------------------------+


Parallel compilation was disabled, but you have multiple processors available. Enable parallel compilation to reduce compilation time.
+-------------------------------------+
; Parallel Compilation                ;
+----------------------------+--------+
; Processors                 ; Number ;
+----------------------------+--------+
; Number detected on machine ; 8      ;
; Maximum allowed            ; 1      ;
+----------------------------+--------+


+----------------------------------------------------------------------------------------------------------------------------------------------------------------------------------+
; Clocks                                                                                                                                                                           ;
+------------+------+--------+------------+-------+-------+------------+-----------+-------------+-------+--------+-----------+------------+----------+--------+--------+----------+
; Clock Name ; Type ; Period ; Frequency  ; Rise  ; Fall  ; Duty Cycle ; Divide by ; Multiply by ; Phase ; Offset ; Edge List ; Edge Shift ; Inverted ; Master ; Source ; Targets  ;
+------------+------+--------+------------+-------+-------+------------+-----------+-------------+-------+--------+-----------+------------+----------+--------+--------+----------+
; C[2]       ; Base ; 1.000  ; 1000.0 MHz ; 0.000 ; 0.500 ;            ;           ;             ;       ;        ;           ;            ;          ;        ;        ; { C[2] } ;
+------------+------+--------+------------+-------+-------+------------+-----------+-------------+-------+--------+-----------+------------+----------+--------+--------+----------+


--------------------------------------
; Slow 1200mV 85C Model Fmax Summary ;
--------------------------------------
No paths to report.


----------------------------------
; Timing Closure Recommendations ;
----------------------------------
HTML report is unavailable in plain text report export.


---------------------------------------
; Slow 1200mV 85C Model Setup Summary ;
---------------------------------------
No paths to report.


--------------------------------------
; Slow 1200mV 85C Model Hold Summary ;
--------------------------------------
No paths to report.


------------------------------------------
; Slow 1200mV 85C Model Recovery Summary ;
------------------------------------------
No paths to report.


-----------------------------------------
; Slow 1200mV 85C Model Removal Summary ;
-----------------------------------------
No paths to report.


+---------------------------------------------------+
; Slow 1200mV 85C Model Minimum Pulse Width Summary ;
+-------+--------+----------------------------------+
; Clock ; Slack  ; End Point TNS                    ;
+-------+--------+----------------------------------+
; C[2]  ; -3.000 ; -3.000                           ;
+-------+--------+----------------------------------+


+-------------------------------------------------------------------------------------------------------+
; Slow 1200mV 85C Model Minimum Pulse Width: 'C[2]'                                                     ;
+--------+--------------+----------------+------------------+-------+------------+----------------------+
; Slack  ; Actual Width ; Required Width ; Type             ; Clock ; Clock Edge ; Target               ;
+--------+--------------+----------------+------------------+-------+------------+----------------------+
; -3.000 ; 1.000        ; 4.000          ; Port Rate        ; C[2]  ; Rise       ; C[2]                 ;
; 0.313  ; 0.313        ; 0.000          ; Low Pulse Width  ; C[2]  ; Rise       ; ari|Zero|datac       ;
; 0.315  ; 0.315        ; 0.000          ; High Pulse Width ; C[2]  ; Fall       ; aritimetica:ari|Zero ;
; 0.336  ; 0.336        ; 0.000          ; Low Pulse Width  ; C[2]  ; Rise       ; C[2]~input|o         ;
; 0.500  ; 0.500        ; 0.000          ; High Pulse Width ; C[2]  ; Rise       ; C[2]~input|i         ;
; 0.500  ; 0.500        ; 0.000          ; Low Pulse Width  ; C[2]  ; Rise       ; C[2]~input|i         ;
; 0.664  ; 0.664        ; 0.000          ; High Pulse Width ; C[2]  ; Rise       ; C[2]~input|o         ;
; 0.685  ; 0.685        ; 0.000          ; Low Pulse Width  ; C[2]  ; Fall       ; aritimetica:ari|Zero ;
; 0.687  ; 0.687        ; 0.000          ; High Pulse Width ; C[2]  ; Rise       ; ari|Zero|datac       ;
+--------+--------------+----------------+------------------+-------+------------+----------------------+


+-----------------------------------------------------------------------+
; Setup Times                                                           ;
+-----------+------------+-------+-------+------------+-----------------+
; Data Port ; Clock Port ; Rise  ; Fall  ; Clock Edge ; Clock Reference ;
+-----------+------------+-------+-------+------------+-----------------+
; A[*]      ; C[2]       ; 5.731 ; 6.104 ; Fall       ; C[2]            ;
;  A[0]     ; C[2]       ; 5.731 ; 6.104 ; Fall       ; C[2]            ;
;  A[1]     ; C[2]       ; 5.272 ; 5.774 ; Fall       ; C[2]            ;
;  A[2]     ; C[2]       ; 4.932 ; 5.197 ; Fall       ; C[2]            ;
;  A[3]     ; C[2]       ; 4.757 ; 5.191 ; Fall       ; C[2]            ;
; B[*]      ; C[2]       ; 5.125 ; 5.838 ; Fall       ; C[2]            ;
;  B[0]     ; C[2]       ; 5.047 ; 5.741 ; Fall       ; C[2]            ;
;  B[1]     ; C[2]       ; 5.075 ; 5.523 ; Fall       ; C[2]            ;
;  B[2]     ; C[2]       ; 5.125 ; 5.838 ; Fall       ; C[2]            ;
;  B[3]     ; C[2]       ; 4.613 ; 5.120 ; Fall       ; C[2]            ;
+-----------+------------+-------+-------+------------+-----------------+


+-------------------------------------------------------------------------+
; Hold Times                                                              ;
+-----------+------------+--------+--------+------------+-----------------+
; Data Port ; Clock Port ; Rise   ; Fall   ; Clock Edge ; Clock Reference ;
+-----------+------------+--------+--------+------------+-----------------+
; A[*]      ; C[2]       ; -3.295 ; -3.736 ; Fall       ; C[2]            ;
;  A[0]     ; C[2]       ; -3.845 ; -4.396 ; Fall       ; C[2]            ;
;  A[1]     ; C[2]       ; -3.800 ; -4.252 ; Fall       ; C[2]            ;
;  A[2]     ; C[2]       ; -3.295 ; -3.736 ; Fall       ; C[2]            ;
;  A[3]     ; C[2]       ; -3.730 ; -4.169 ; Fall       ; C[2]            ;
; B[*]      ; C[2]       ; -3.340 ; -3.838 ; Fall       ; C[2]            ;
;  B[0]     ; C[2]       ; -3.340 ; -3.838 ; Fall       ; C[2]            ;
;  B[1]     ; C[2]       ; -3.589 ; -4.068 ; Fall       ; C[2]            ;
;  B[2]     ; C[2]       ; -3.635 ; -4.142 ; Fall       ; C[2]            ;
;  B[3]     ; C[2]       ; -3.683 ; -4.178 ; Fall       ; C[2]            ;
+-----------+------------+--------+--------+------------+-----------------+


+-------------------------------------------------------------------------+
; Clock to Output Times                                                   ;
+-----------+------------+--------+--------+------------+-----------------+
; Data Port ; Clock Port ; Rise   ; Fall   ; Clock Edge ; Clock Reference ;
+-----------+------------+--------+--------+------------+-----------------+
; S[*]      ; C[2]       ; 10.132 ; 10.308 ; Rise       ; C[2]            ;
;  S[0]     ; C[2]       ; 9.569  ; 9.585  ; Rise       ; C[2]            ;
;  S[1]     ; C[2]       ; 9.407  ; 9.431  ; Rise       ; C[2]            ;
;  S[2]     ; C[2]       ; 9.229  ; 9.263  ; Rise       ; C[2]            ;
;  S[3]     ; C[2]       ; 10.132 ; 10.308 ; Rise       ; C[2]            ;
; S[*]      ; C[2]       ; 10.132 ; 10.308 ; Fall       ; C[2]            ;
;  S[0]     ; C[2]       ; 9.569  ; 9.585  ; Fall       ; C[2]            ;
;  S[1]     ; C[2]       ; 9.407  ; 9.431  ; Fall       ; C[2]            ;
;  S[2]     ; C[2]       ; 9.229  ; 9.263  ; Fall       ; C[2]            ;
;  S[3]     ; C[2]       ; 10.132 ; 10.308 ; Fall       ; C[2]            ;
; Zero      ; C[2]       ; 4.769  ; 4.744  ; Fall       ; C[2]            ;
+-----------+------------+--------+--------+------------+-----------------+


+-----------------------------------------------------------------------+
; Minimum Clock to Output Times                                         ;
+-----------+------------+-------+-------+------------+-----------------+
; Data Port ; Clock Port ; Rise  ; Fall  ; Clock Edge ; Clock Reference ;
+-----------+------------+-------+-------+------------+-----------------+
; S[*]      ; C[2]       ; 7.749 ; 7.735 ; Rise       ; C[2]            ;
;  S[0]     ; C[2]       ; 8.189 ; 8.227 ; Rise       ; C[2]            ;
;  S[1]     ; C[2]       ; 8.527 ; 8.558 ; Rise       ; C[2]            ;
;  S[2]     ; C[2]       ; 7.749 ; 7.735 ; Rise       ; C[2]            ;
;  S[3]     ; C[2]       ; 9.194 ; 9.310 ; Rise       ; C[2]            ;
; S[*]      ; C[2]       ; 7.749 ; 7.735 ; Fall       ; C[2]            ;
;  S[0]     ; C[2]       ; 8.189 ; 8.227 ; Fall       ; C[2]            ;
;  S[1]     ; C[2]       ; 8.527 ; 8.558 ; Fall       ; C[2]            ;
;  S[2]     ; C[2]       ; 7.749 ; 7.735 ; Fall       ; C[2]            ;
;  S[3]     ; C[2]       ; 9.194 ; 9.310 ; Fall       ; C[2]            ;
; Zero      ; C[2]       ; 4.683 ; 4.659 ; Fall       ; C[2]            ;
+-----------+------------+-------+-------+------------+-----------------+


+--------------------------------------------------------------+
; Propagation Delay                                            ;
+------------+-------------+--------+--------+--------+--------+
; Input Port ; Output Port ; RR     ; RF     ; FR     ; FF     ;
+------------+-------------+--------+--------+--------+--------+
; A[0]       ; S[0]        ; 8.837  ; 8.928  ; 9.419  ; 9.516  ;
; A[0]       ; S[1]        ; 9.054  ; 9.130  ; 9.390  ; 9.512  ;
; A[0]       ; S[2]        ; 10.486 ; 10.520 ; 10.994 ; 11.028 ;
; A[0]       ; S[3]        ; 9.704  ; 9.848  ; 10.061 ; 10.230 ;
; A[1]       ; S[1]        ; 8.270  ; 8.374  ; 8.734  ; 8.794  ;
; A[1]       ; S[2]        ; 10.027 ; 10.061 ; 10.664 ; 10.698 ;
; A[1]       ; S[3]        ; 9.507  ; 9.656  ; 10.032 ; 10.181 ;
; A[2]       ; S[2]        ; 9.286  ; 9.320  ; 9.774  ; 9.808  ;
; A[2]       ; S[3]        ; 8.905  ; 9.049  ; 9.162  ; 9.323  ;
; A[3]       ; S[3]        ; 9.056  ; 9.205  ; 9.493  ; 9.642  ;
; B[0]       ; S[0]        ; 8.346  ; 8.443  ; 8.817  ; 8.854  ;
; B[0]       ; S[1]        ; 8.333  ; 8.455  ; 9.064  ; 9.140  ;
; B[0]       ; S[2]        ; 9.937  ; 9.971  ; 10.496 ; 10.530 ;
; B[0]       ; S[3]        ; 9.046  ; 9.195  ; 9.714  ; 9.858  ;
; B[1]       ; S[1]        ; 8.048  ; 8.155  ; 8.550  ; 8.607  ;
; B[1]       ; S[2]        ; 9.965  ; 9.999  ; 10.278 ; 10.312 ;
; B[1]       ; S[3]        ; 9.293  ; 9.442  ; 9.844  ; 9.993  ;
; B[2]       ; S[2]        ; 9.691  ; 9.725  ; 10.136 ; 10.178 ;
; B[2]       ; S[3]        ; 9.061  ; 9.251  ; 9.811  ; 9.955  ;
; B[3]       ; S[3]        ; 8.603  ; 8.738  ; 9.093  ; 9.258  ;
; C[0]       ; S[0]        ; 8.982  ; 9.079  ; 9.480  ; 9.496  ;
; C[0]       ; S[1]        ; 8.764  ; 8.797  ; 9.318  ; 9.342  ;
; C[0]       ; S[2]        ; 8.594  ; 8.628  ; 9.140  ; 9.174  ;
; C[0]       ; S[3]        ; 9.525  ; 9.580  ; 10.043 ; 10.219 ;
; C[1]       ; S[0]        ; 8.805  ; 8.881  ; 9.226  ; 9.311  ;
; C[1]       ; S[1]        ; 8.643  ; 8.667  ; 9.064  ; 9.088  ;
; C[1]       ; S[2]        ; 8.465  ; 8.499  ; 8.886  ; 8.920  ;
; C[1]       ; S[3]        ; 9.368  ; 9.544  ; 9.789  ; 9.965  ;
+------------+-------------+--------+--------+--------+--------+


+----------------------------------------------------------+
; Minimum Propagation Delay                                ;
+------------+-------------+-------+-------+-------+-------+
; Input Port ; Output Port ; RR    ; RF    ; FR    ; FF    ;
+------------+-------------+-------+-------+-------+-------+
; A[0]       ; S[0]        ; 7.959 ; 7.999 ; 8.536 ; 8.548 ;
; A[0]       ; S[1]        ; 7.953 ; 8.009 ; 8.474 ; 8.559 ;
; A[0]       ; S[2]        ; 9.015 ; 9.052 ; 9.602 ; 9.618 ;
; A[0]       ; S[3]        ; 9.119 ; 9.224 ; 9.617 ; 9.786 ;
; A[1]       ; S[1]        ; 7.664 ; 7.695 ; 8.123 ; 8.145 ;
; A[1]       ; S[2]        ; 9.021 ; 9.058 ; 9.492 ; 9.508 ;
; A[1]       ; S[3]        ; 8.808 ; 8.953 ; 9.186 ; 9.360 ;
; A[2]       ; S[2]        ; 7.581 ; 7.615 ; 7.954 ; 8.006 ;
; A[2]       ; S[3]        ; 8.354 ; 8.484 ; 8.745 ; 8.919 ;
; A[3]       ; S[3]        ; 8.350 ; 8.466 ; 8.791 ; 8.907 ;
; B[0]       ; S[0]        ; 7.012 ; 7.029 ; 7.488 ; 7.496 ;
; B[0]       ; S[1]        ; 7.566 ; 7.621 ; 8.040 ; 8.086 ;
; B[0]       ; S[2]        ; 8.624 ; 8.661 ; 9.122 ; 9.138 ;
; B[0]       ; S[3]        ; 8.602 ; 8.776 ; 9.142 ; 9.287 ;
; B[1]       ; S[1]        ; 7.342 ; 7.373 ; 7.810 ; 7.832 ;
; B[1]       ; S[2]        ; 8.812 ; 8.849 ; 9.309 ; 9.325 ;
; B[1]       ; S[3]        ; 8.502 ; 8.676 ; 9.038 ; 9.183 ;
; B[2]       ; S[2]        ; 8.322 ; 8.343 ; 8.801 ; 8.831 ;
; B[2]       ; S[3]        ; 8.540 ; 8.627 ; 9.018 ; 9.114 ;
; B[3]       ; S[3]        ; 8.112 ; 8.211 ; 8.605 ; 8.695 ;
; C[0]       ; S[0]        ; 8.096 ; 8.134 ; 8.581 ; 8.593 ;
; C[0]       ; S[1]        ; 8.434 ; 8.465 ; 8.926 ; 8.948 ;
; C[0]       ; S[2]        ; 7.586 ; 7.633 ; 8.029 ; 8.081 ;
; C[0]       ; S[3]        ; 9.101 ; 9.217 ; 9.617 ; 9.706 ;
; C[1]       ; S[0]        ; 7.020 ; 7.038 ; 7.466 ; 7.512 ;
; C[1]       ; S[1]        ; 7.058 ; 7.088 ; 7.505 ; 7.565 ;
; C[1]       ; S[2]        ; 7.400 ; 7.445 ; 7.822 ; 7.858 ;
; C[1]       ; S[3]        ; 7.547 ; 7.639 ; 7.993 ; 8.117 ;
+------------+-------------+-------+-------+-------+-------+


----------------------------------------------
; Slow 1200mV 85C Model Metastability Report ;
----------------------------------------------
No synchronizer chains to report.


-------------------------------------
; Slow 1200mV 0C Model Fmax Summary ;
-------------------------------------
No paths to report.


--------------------------------------
; Slow 1200mV 0C Model Setup Summary ;
--------------------------------------
No paths to report.


-------------------------------------
; Slow 1200mV 0C Model Hold Summary ;
-------------------------------------
No paths to report.


-----------------------------------------
; Slow 1200mV 0C Model Recovery Summary ;
-----------------------------------------
No paths to report.


----------------------------------------
; Slow 1200mV 0C Model Removal Summary ;
----------------------------------------
No paths to report.


+--------------------------------------------------+
; Slow 1200mV 0C Model Minimum Pulse Width Summary ;
+-------+--------+---------------------------------+
; Clock ; Slack  ; End Point TNS                   ;
+-------+--------+---------------------------------+
; C[2]  ; -3.000 ; -3.000                          ;
+-------+--------+---------------------------------+


+-------------------------------------------------------------------------------------------------------+
; Slow 1200mV 0C Model Minimum Pulse Width: 'C[2]'                                                      ;
+--------+--------------+----------------+------------------+-------+------------+----------------------+
; Slack  ; Actual Width ; Required Width ; Type             ; Clock ; Clock Edge ; Target               ;
+--------+--------------+----------------+------------------+-------+------------+----------------------+
; -3.000 ; 1.000        ; 4.000          ; Port Rate        ; C[2]  ; Rise       ; C[2]                 ;
; 0.336  ; 0.336        ; 0.000          ; Low Pulse Width  ; C[2]  ; Rise       ; C[2]~input|o         ;
; 0.338  ; 0.338        ; 0.000          ; Low Pulse Width  ; C[2]  ; Rise       ; ari|Zero|datac       ;
; 0.343  ; 0.343        ; 0.000          ; High Pulse Width ; C[2]  ; Fall       ; aritimetica:ari|Zero ;
; 0.500  ; 0.500        ; 0.000          ; High Pulse Width ; C[2]  ; Rise       ; C[2]~input|i         ;
; 0.500  ; 0.500        ; 0.000          ; Low Pulse Width  ; C[2]  ; Rise       ; C[2]~input|i         ;
; 0.657  ; 0.657        ; 0.000          ; Low Pulse Width  ; C[2]  ; Fall       ; aritimetica:ari|Zero ;
; 0.662  ; 0.662        ; 0.000          ; High Pulse Width ; C[2]  ; Rise       ; ari|Zero|datac       ;
; 0.664  ; 0.664        ; 0.000          ; High Pulse Width ; C[2]  ; Rise       ; C[2]~input|o         ;
+--------+--------------+----------------+------------------+-------+------------+----------------------+


+-----------------------------------------------------------------------+
; Setup Times                                                           ;
+-----------+------------+-------+-------+------------+-----------------+
; Data Port ; Clock Port ; Rise  ; Fall  ; Clock Edge ; Clock Reference ;
+-----------+------------+-------+-------+------------+-----------------+
; A[*]      ; C[2]       ; 5.053 ; 5.348 ; Fall       ; C[2]            ;
;  A[0]     ; C[2]       ; 5.053 ; 5.348 ; Fall       ; C[2]            ;
;  A[1]     ; C[2]       ; 4.639 ; 5.034 ; Fall       ; C[2]            ;
;  A[2]     ; C[2]       ; 4.324 ; 4.535 ; Fall       ; C[2]            ;
;  A[3]     ; C[2]       ; 4.191 ; 4.529 ; Fall       ; C[2]            ;
; B[*]      ; C[2]       ; 4.515 ; 5.096 ; Fall       ; C[2]            ;
;  B[0]     ; C[2]       ; 4.438 ; 5.020 ; Fall       ; C[2]            ;
;  B[1]     ; C[2]       ; 4.450 ; 4.828 ; Fall       ; C[2]            ;
;  B[2]     ; C[2]       ; 4.515 ; 5.096 ; Fall       ; C[2]            ;
;  B[3]     ; C[2]       ; 4.066 ; 4.471 ; Fall       ; C[2]            ;
+-----------+------------+-------+-------+------------+-----------------+


+-------------------------------------------------------------------------+
; Hold Times                                                              ;
+-----------+------------+--------+--------+------------+-----------------+
; Data Port ; Clock Port ; Rise   ; Fall   ; Clock Edge ; Clock Reference ;
+-----------+------------+--------+--------+------------+-----------------+
; A[*]      ; C[2]       ; -2.869 ; -3.227 ; Fall       ; C[2]            ;
;  A[0]     ; C[2]       ; -3.383 ; -3.828 ; Fall       ; C[2]            ;
;  A[1]     ; C[2]       ; -3.329 ; -3.683 ; Fall       ; C[2]            ;
;  A[2]     ; C[2]       ; -2.869 ; -3.227 ; Fall       ; C[2]            ;
;  A[3]     ; C[2]       ; -3.263 ; -3.617 ; Fall       ; C[2]            ;
; B[*]      ; C[2]       ; -2.918 ; -3.340 ; Fall       ; C[2]            ;
;  B[0]     ; C[2]       ; -2.918 ; -3.340 ; Fall       ; C[2]            ;
;  B[1]     ; C[2]       ; -3.132 ; -3.533 ; Fall       ; C[2]            ;
;  B[2]     ; C[2]       ; -3.181 ; -3.590 ; Fall       ; C[2]            ;
;  B[3]     ; C[2]       ; -3.227 ; -3.627 ; Fall       ; C[2]            ;
+-----------+------------+--------+--------+------------+-----------------+


+-----------------------------------------------------------------------+
; Clock to Output Times                                                 ;
+-----------+------------+-------+-------+------------+-----------------+
; Data Port ; Clock Port ; Rise  ; Fall  ; Clock Edge ; Clock Reference ;
+-----------+------------+-------+-------+------------+-----------------+
; S[*]      ; C[2]       ; 9.263 ; 9.352 ; Rise       ; C[2]            ;
;  S[0]     ; C[2]       ; 8.742 ; 8.685 ; Rise       ; C[2]            ;
;  S[1]     ; C[2]       ; 8.592 ; 8.548 ; Rise       ; C[2]            ;
;  S[2]     ; C[2]       ; 8.455 ; 8.427 ; Rise       ; C[2]            ;
;  S[3]     ; C[2]       ; 9.263 ; 9.352 ; Rise       ; C[2]            ;
; S[*]      ; C[2]       ; 9.263 ; 9.352 ; Fall       ; C[2]            ;
;  S[0]     ; C[2]       ; 8.742 ; 8.685 ; Fall       ; C[2]            ;
;  S[1]     ; C[2]       ; 8.592 ; 8.548 ; Fall       ; C[2]            ;
;  S[2]     ; C[2]       ; 8.455 ; 8.427 ; Fall       ; C[2]            ;
;  S[3]     ; C[2]       ; 9.263 ; 9.352 ; Fall       ; C[2]            ;
; Zero      ; C[2]       ; 4.588 ; 4.533 ; Fall       ; C[2]            ;
+-----------+------------+-------+-------+------------+-----------------+


+-----------------------------------------------------------------------+
; Minimum Clock to Output Times                                         ;
+-----------+------------+-------+-------+------------+-----------------+
; Data Port ; Clock Port ; Rise  ; Fall  ; Clock Edge ; Clock Reference ;
+-----------+------------+-------+-------+------------+-----------------+
; S[*]      ; C[2]       ; 7.170 ; 7.102 ; Rise       ; C[2]            ;
;  S[0]     ; C[2]       ; 7.563 ; 7.543 ; Rise       ; C[2]            ;
;  S[1]     ; C[2]       ; 7.872 ; 7.835 ; Rise       ; C[2]            ;
;  S[2]     ; C[2]       ; 7.170 ; 7.102 ; Rise       ; C[2]            ;
;  S[3]     ; C[2]       ; 8.491 ; 8.534 ; Rise       ; C[2]            ;
; S[*]      ; C[2]       ; 7.170 ; 7.102 ; Fall       ; C[2]            ;
;  S[0]     ; C[2]       ; 7.563 ; 7.543 ; Fall       ; C[2]            ;
;  S[1]     ; C[2]       ; 7.872 ; 7.835 ; Fall       ; C[2]            ;
;  S[2]     ; C[2]       ; 7.170 ; 7.102 ; Fall       ; C[2]            ;
;  S[3]     ; C[2]       ; 8.491 ; 8.534 ; Fall       ; C[2]            ;
; Zero      ; C[2]       ; 4.511 ; 4.457 ; Fall       ; C[2]            ;
+-----------+------------+-------+-------+------------+-----------------+


+------------------------------------------------------------+
; Propagation Delay                                          ;
+------------+-------------+-------+-------+--------+--------+
; Input Port ; Output Port ; RR    ; RF    ; FR     ; FF     ;
+------------+-------------+-------+-------+--------+--------+
; A[0]       ; S[0]        ; 8.161 ; 8.166 ; 8.616  ; 8.641  ;
; A[0]       ; S[1]        ; 8.340 ; 8.333 ; 8.598  ; 8.631  ;
; A[0]       ; S[2]        ; 9.618 ; 9.590 ; 10.046 ; 10.032 ;
; A[0]       ; S[3]        ; 8.942 ; 8.995 ; 9.229  ; 9.293  ;
; A[1]       ; S[1]        ; 7.640 ; 7.655 ; 8.003  ; 7.982  ;
; A[1]       ; S[2]        ; 9.204 ; 9.176 ; 9.732  ; 9.718  ;
; A[1]       ; S[3]        ; 8.774 ; 8.827 ; 9.189  ; 9.248  ;
; A[2]       ; S[2]        ; 8.561 ; 8.547 ; 8.941  ; 8.913  ;
; A[2]       ; S[3]        ; 8.213 ; 8.266 ; 8.428  ; 8.480  ;
; A[3]       ; S[3]        ; 8.363 ; 8.422 ; 8.712  ; 8.771  ;
; B[0]       ; S[0]        ; 7.695 ; 7.720 ; 8.101  ; 8.058  ;
; B[0]       ; S[1]        ; 7.688 ; 7.721 ; 8.307  ; 8.300  ;
; B[0]       ; S[2]        ; 9.136 ; 9.122 ; 9.585  ; 9.557  ;
; B[0]       ; S[3]        ; 8.360 ; 8.413 ; 8.909  ; 8.962  ;
; B[1]       ; S[1]        ; 7.433 ; 7.452 ; 7.851  ; 7.830  ;
; B[1]       ; S[2]        ; 9.148 ; 9.134 ; 9.393  ; 9.365  ;
; B[1]       ; S[3]        ; 8.575 ; 8.628 ; 9.034  ; 9.093  ;
; B[2]       ; S[2]        ; 8.914 ; 8.886 ; 9.315  ; 9.301  ;
; B[2]       ; S[3]        ; 8.367 ; 8.460 ; 8.985  ; 9.038  ;
; B[3]       ; S[3]        ; 7.969 ; 8.011 ; 8.360  ; 8.431  ;
; C[0]       ; S[0]        ; 8.278 ; 8.303 ; 8.660  ; 8.603  ;
; C[0]       ; S[1]        ; 8.093 ; 8.057 ; 8.510  ; 8.466  ;
; C[0]       ; S[2]        ; 7.940 ; 7.912 ; 8.373  ; 8.345  ;
; C[0]       ; S[3]        ; 8.801 ; 8.785 ; 9.181  ; 9.270  ;
; C[1]       ; S[0]        ; 8.100 ; 8.125 ; 8.458  ; 8.483  ;
; C[1]       ; S[1]        ; 7.941 ; 7.897 ; 8.291  ; 8.247  ;
; C[1]       ; S[2]        ; 7.804 ; 7.776 ; 8.154  ; 8.126  ;
; C[1]       ; S[3]        ; 8.623 ; 8.701 ; 8.981  ; 9.051  ;
+------------+-------------+-------+-------+--------+--------+


+----------------------------------------------------------+
; Minimum Propagation Delay                                ;
+------------+-------------+-------+-------+-------+-------+
; Input Port ; Output Port ; RR    ; RF    ; FR    ; FF    ;
+------------+-------------+-------+-------+-------+-------+
; A[0]       ; S[0]        ; 7.367 ; 7.348 ; 7.831 ; 7.783 ;
; A[0]       ; S[1]        ; 7.365 ; 7.346 ; 7.789 ; 7.797 ;
; A[0]       ; S[2]        ; 8.325 ; 8.311 ; 8.816 ; 8.793 ;
; A[0]       ; S[3]        ; 8.429 ; 8.471 ; 8.827 ; 8.911 ;
; A[1]       ; S[1]        ; 7.101 ; 7.064 ; 7.463 ; 7.420 ;
; A[1]       ; S[2]        ; 8.322 ; 8.308 ; 8.704 ; 8.681 ;
; A[1]       ; S[3]        ; 8.140 ; 8.200 ; 8.432 ; 8.516 ;
; A[2]       ; S[2]        ; 7.035 ; 6.999 ; 7.341 ; 7.330 ;
; A[2]       ; S[3]        ; 7.731 ; 7.791 ; 8.047 ; 8.131 ;
; A[3]       ; S[3]        ; 7.737 ; 7.781 ; 8.091 ; 8.123 ;
; B[0]       ; S[0]        ; 6.507 ; 6.463 ; 6.909 ; 6.859 ;
; B[0]       ; S[1]        ; 7.007 ; 6.988 ; 7.408 ; 7.383 ;
; B[0]       ; S[2]        ; 7.964 ; 7.950 ; 8.395 ; 8.372 ;
; B[0]       ; S[3]        ; 7.956 ; 8.040 ; 8.408 ; 8.468 ;
; B[1]       ; S[1]        ; 6.803 ; 6.766 ; 7.195 ; 7.152 ;
; B[1]       ; S[2]        ; 8.127 ; 8.113 ; 8.554 ; 8.531 ;
; B[1]       ; S[3]        ; 7.862 ; 7.946 ; 8.311 ; 8.371 ;
; B[2]       ; S[2]        ; 7.692 ; 7.678 ; 8.080 ; 8.066 ;
; B[2]       ; S[3]        ; 7.908 ; 7.927 ; 8.295 ; 8.320 ;
; B[3]       ; S[3]        ; 7.533 ; 7.549 ; 7.930 ; 7.940 ;
; C[0]       ; S[0]        ; 7.488 ; 7.468 ; 7.856 ; 7.808 ;
; C[0]       ; S[1]        ; 7.797 ; 7.760 ; 8.166 ; 8.123 ;
; C[0]       ; S[2]        ; 7.037 ; 7.020 ; 7.402 ; 7.389 ;
; C[0]       ; S[3]        ; 8.416 ; 8.459 ; 8.805 ; 8.819 ;
; C[1]       ; S[0]        ; 6.510 ; 6.466 ; 6.878 ; 6.860 ;
; C[1]       ; S[1]        ; 6.546 ; 6.507 ; 6.914 ; 6.903 ;
; C[1]       ; S[2]        ; 6.872 ; 6.850 ; 7.223 ; 7.195 ;
; C[1]       ; S[3]        ; 7.009 ; 7.025 ; 7.377 ; 7.422 ;
+------------+-------------+-------+-------+-------+-------+


---------------------------------------------
; Slow 1200mV 0C Model Metastability Report ;
---------------------------------------------
No synchronizer chains to report.


--------------------------------------
; Fast 1200mV 0C Model Setup Summary ;
--------------------------------------
No paths to report.


-------------------------------------
; Fast 1200mV 0C Model Hold Summary ;
-------------------------------------
No paths to report.


-----------------------------------------
; Fast 1200mV 0C Model Recovery Summary ;
-----------------------------------------
No paths to report.


----------------------------------------
; Fast 1200mV 0C Model Removal Summary ;
----------------------------------------
No paths to report.


+--------------------------------------------------+
; Fast 1200mV 0C Model Minimum Pulse Width Summary ;
+-------+--------+---------------------------------+
; Clock ; Slack  ; End Point TNS                   ;
+-------+--------+---------------------------------+
; C[2]  ; -3.000 ; -3.000                          ;
+-------+--------+---------------------------------+


+-------------------------------------------------------------------------------------------------------+
; Fast 1200mV 0C Model Minimum Pulse Width: 'C[2]'                                                      ;
+--------+--------------+----------------+------------------+-------+------------+----------------------+
; Slack  ; Actual Width ; Required Width ; Type             ; Clock ; Clock Edge ; Target               ;
+--------+--------------+----------------+------------------+-------+------------+----------------------+
; -3.000 ; 1.000        ; 4.000          ; Port Rate        ; C[2]  ; Rise       ; C[2]                 ;
; 0.049  ; 0.049        ; 0.000          ; High Pulse Width ; C[2]  ; Fall       ; aritimetica:ari|Zero ;
; 0.052  ; 0.052        ; 0.000          ; Low Pulse Width  ; C[2]  ; Rise       ; ari|Zero|datac       ;
; 0.117  ; 0.117        ; 0.000          ; Low Pulse Width  ; C[2]  ; Rise       ; C[2]~input|o         ;
; 0.500  ; 0.500        ; 0.000          ; High Pulse Width ; C[2]  ; Rise       ; C[2]~input|i         ;
; 0.500  ; 0.500        ; 0.000          ; Low Pulse Width  ; C[2]  ; Rise       ; C[2]~input|i         ;
; 0.883  ; 0.883        ; 0.000          ; High Pulse Width ; C[2]  ; Rise       ; C[2]~input|o         ;
; 0.946  ; 0.946        ; 0.000          ; High Pulse Width ; C[2]  ; Rise       ; ari|Zero|datac       ;
; 0.949  ; 0.949        ; 0.000          ; Low Pulse Width  ; C[2]  ; Fall       ; aritimetica:ari|Zero ;
+--------+--------------+----------------+------------------+-------+------------+----------------------+


+-----------------------------------------------------------------------+
; Setup Times                                                           ;
+-----------+------------+-------+-------+------------+-----------------+
; Data Port ; Clock Port ; Rise  ; Fall  ; Clock Edge ; Clock Reference ;
+-----------+------------+-------+-------+------------+-----------------+
; A[*]      ; C[2]       ; 2.983 ; 3.552 ; Fall       ; C[2]            ;
;  A[0]     ; C[2]       ; 2.983 ; 3.552 ; Fall       ; C[2]            ;
;  A[1]     ; C[2]       ; 2.688 ; 3.336 ; Fall       ; C[2]            ;
;  A[2]     ; C[2]       ; 2.500 ; 2.970 ; Fall       ; C[2]            ;
;  A[3]     ; C[2]       ; 2.365 ; 3.002 ; Fall       ; C[2]            ;
; B[*]      ; C[2]       ; 2.615 ; 3.395 ; Fall       ; C[2]            ;
;  B[0]     ; C[2]       ; 2.553 ; 3.349 ; Fall       ; C[2]            ;
;  B[1]     ; C[2]       ; 2.563 ; 3.204 ; Fall       ; C[2]            ;
;  B[2]     ; C[2]       ; 2.615 ; 3.395 ; Fall       ; C[2]            ;
;  B[3]     ; C[2]       ; 2.354 ; 3.000 ; Fall       ; C[2]            ;
+-----------+------------+-------+-------+------------+-----------------+


+-------------------------------------------------------------------------+
; Hold Times                                                              ;
+-----------+------------+--------+--------+------------+-----------------+
; Data Port ; Clock Port ; Rise   ; Fall   ; Clock Edge ; Clock Reference ;
+-----------+------------+--------+--------+------------+-----------------+
; A[*]      ; C[2]       ; -1.564 ; -2.133 ; Fall       ; C[2]            ;
;  A[0]     ; C[2]       ; -1.920 ; -2.570 ; Fall       ; C[2]            ;
;  A[1]     ; C[2]       ; -1.859 ; -2.469 ; Fall       ; C[2]            ;
;  A[2]     ; C[2]       ; -1.564 ; -2.133 ; Fall       ; C[2]            ;
;  A[3]     ; C[2]       ; -1.794 ; -2.384 ; Fall       ; C[2]            ;
; B[*]      ; C[2]       ; -1.610 ; -2.238 ; Fall       ; C[2]            ;
;  B[0]     ; C[2]       ; -1.610 ; -2.238 ; Fall       ; C[2]            ;
;  B[1]     ; C[2]       ; -1.745 ; -2.361 ; Fall       ; C[2]            ;
;  B[2]     ; C[2]       ; -1.781 ; -2.405 ; Fall       ; C[2]            ;
;  B[3]     ; C[2]       ; -1.804 ; -2.433 ; Fall       ; C[2]            ;
+-----------+------------+--------+--------+------------+-----------------+


+-----------------------------------------------------------------------+
; Clock to Output Times                                                 ;
+-----------+------------+-------+-------+------------+-----------------+
; Data Port ; Clock Port ; Rise  ; Fall  ; Clock Edge ; Clock Reference ;
+-----------+------------+-------+-------+------------+-----------------+
; S[*]      ; C[2]       ; 6.293 ; 6.499 ; Rise       ; C[2]            ;
;  S[0]     ; C[2]       ; 5.949 ; 6.034 ; Rise       ; C[2]            ;
;  S[1]     ; C[2]       ; 5.862 ; 5.948 ; Rise       ; C[2]            ;
;  S[2]     ; C[2]       ; 5.734 ; 5.829 ; Rise       ; C[2]            ;
;  S[3]     ; C[2]       ; 6.293 ; 6.499 ; Rise       ; C[2]            ;
; S[*]      ; C[2]       ; 6.293 ; 6.499 ; Fall       ; C[2]            ;
;  S[0]     ; C[2]       ; 5.949 ; 6.034 ; Fall       ; C[2]            ;
;  S[1]     ; C[2]       ; 5.862 ; 5.948 ; Fall       ; C[2]            ;
;  S[2]     ; C[2]       ; 5.734 ; 5.829 ; Fall       ; C[2]            ;
;  S[3]     ; C[2]       ; 6.293 ; 6.499 ; Fall       ; C[2]            ;
; Zero      ; C[2]       ; 3.089 ; 3.137 ; Fall       ; C[2]            ;
+-----------+------------+-------+-------+------------+-----------------+


+-----------------------------------------------------------------------+
; Minimum Clock to Output Times                                         ;
+-----------+------------+-------+-------+------------+-----------------+
; Data Port ; Clock Port ; Rise  ; Fall  ; Clock Edge ; Clock Reference ;
+-----------+------------+-------+-------+------------+-----------------+
; S[*]      ; C[2]       ; 4.536 ; 4.604 ; Rise       ; C[2]            ;
;  S[0]     ; C[2]       ; 4.768 ; 4.857 ; Rise       ; C[2]            ;
;  S[1]     ; C[2]       ; 4.943 ; 5.034 ; Rise       ; C[2]            ;
;  S[2]     ; C[2]       ; 4.536 ; 4.604 ; Rise       ; C[2]            ;
;  S[3]     ; C[2]       ; 5.337 ; 5.510 ; Rise       ; C[2]            ;
; S[*]      ; C[2]       ; 4.536 ; 4.604 ; Fall       ; C[2]            ;
;  S[0]     ; C[2]       ; 4.768 ; 4.857 ; Fall       ; C[2]            ;
;  S[1]     ; C[2]       ; 4.943 ; 5.034 ; Fall       ; C[2]            ;
;  S[2]     ; C[2]       ; 4.536 ; 4.604 ; Fall       ; C[2]            ;
;  S[3]     ; C[2]       ; 5.337 ; 5.510 ; Fall       ; C[2]            ;
; Zero      ; C[2]       ; 3.042 ; 3.087 ; Fall       ; C[2]            ;
+-----------+------------+-------+-------+------------+-----------------+


+----------------------------------------------------------+
; Propagation Delay                                        ;
+------------+-------------+-------+-------+-------+-------+
; Input Port ; Output Port ; RR    ; RF    ; FR    ; FF    ;
+------------+-------------+-------+-------+-------+-------+
; A[0]       ; S[0]        ; 5.177 ; 5.304 ; 5.880 ; 6.007 ;
; A[0]       ; S[1]        ; 5.285 ; 5.412 ; 5.854 ; 6.006 ;
; A[0]       ; S[2]        ; 6.142 ; 6.237 ; 6.796 ; 6.891 ;
; A[0]       ; S[3]        ; 5.674 ; 5.880 ; 6.243 ; 6.474 ;
; A[1]       ; S[1]        ; 4.818 ; 4.958 ; 5.461 ; 5.569 ;
; A[1]       ; S[2]        ; 5.847 ; 5.942 ; 6.580 ; 6.675 ;
; A[1]       ; S[3]        ; 5.522 ; 5.723 ; 6.197 ; 6.398 ;
; A[2]       ; S[2]        ; 5.438 ; 5.533 ; 6.047 ; 6.142 ;
; A[2]       ; S[3]        ; 5.191 ; 5.397 ; 5.674 ; 5.892 ;
; A[3]       ; S[3]        ; 5.266 ; 5.467 ; 5.875 ; 6.076 ;
; B[0]       ; S[0]        ; 4.869 ; 4.996 ; 5.507 ; 5.617 ;
; B[0]       ; S[1]        ; 4.855 ; 5.007 ; 5.651 ; 5.778 ;
; B[0]       ; S[2]        ; 5.797 ; 5.892 ; 6.508 ; 6.603 ;
; B[0]       ; S[3]        ; 5.269 ; 5.475 ; 6.040 ; 6.246 ;
; B[1]       ; S[1]        ; 4.696 ; 4.837 ; 5.355 ; 5.465 ;
; B[1]       ; S[2]        ; 5.807 ; 5.902 ; 6.363 ; 6.458 ;
; B[1]       ; S[3]        ; 5.404 ; 5.605 ; 6.091 ; 6.292 ;
; B[2]       ; S[2]        ; 5.688 ; 5.783 ; 6.301 ; 6.396 ;
; B[2]       ; S[3]        ; 5.306 ; 5.537 ; 6.086 ; 6.292 ;
; B[3]       ; S[3]        ; 5.057 ; 5.257 ; 5.700 ; 5.906 ;
; C[0]       ; S[0]        ; 5.198 ; 5.325 ; 5.868 ; 5.953 ;
; C[0]       ; S[1]        ; 5.068 ; 5.161 ; 5.781 ; 5.867 ;
; C[0]       ; S[2]        ; 4.984 ; 5.079 ; 5.653 ; 5.748 ;
; C[0]       ; S[3]        ; 5.515 ; 5.657 ; 6.212 ; 6.418 ;
; C[1]       ; S[0]        ; 5.153 ; 5.238 ; 5.743 ; 5.828 ;
; C[1]       ; S[1]        ; 5.066 ; 5.152 ; 5.656 ; 5.742 ;
; C[1]       ; S[2]        ; 4.938 ; 5.034 ; 5.542 ; 5.654 ;
; C[1]       ; S[3]        ; 5.497 ; 5.703 ; 6.087 ; 6.293 ;
+------------+-------------+-------+-------+-------+-------+


+----------------------------------------------------------+
; Minimum Propagation Delay                                ;
+------------+-------------+-------+-------+-------+-------+
; Input Port ; Output Port ; RR    ; RF    ; FR    ; FF    ;
+------------+-------------+-------+-------+-------+-------+
; A[0]       ; S[0]        ; 4.688 ; 4.779 ; 5.373 ; 5.448 ;
; A[0]       ; S[1]        ; 4.680 ; 4.789 ; 5.322 ; 5.450 ;
; A[0]       ; S[2]        ; 5.267 ; 5.357 ; 5.947 ; 6.037 ;
; A[0]       ; S[3]        ; 5.345 ; 5.511 ; 5.999 ; 6.180 ;
; A[1]       ; S[1]        ; 4.474 ; 4.565 ; 5.115 ; 5.199 ;
; A[1]       ; S[2]        ; 5.223 ; 5.313 ; 5.862 ; 5.952 ;
; A[1]       ; S[3]        ; 5.134 ; 5.341 ; 5.728 ; 5.950 ;
; A[2]       ; S[2]        ; 4.392 ; 4.501 ; 4.953 ; 5.062 ;
; A[2]       ; S[3]        ; 4.883 ; 5.066 ; 5.439 ; 5.657 ;
; A[3]       ; S[3]        ; 4.865 ; 5.038 ; 5.472 ; 5.655 ;
; B[0]       ; S[0]        ; 4.132 ; 4.216 ; 4.776 ; 4.853 ;
; B[0]       ; S[1]        ; 4.429 ; 4.542 ; 5.073 ; 5.179 ;
; B[0]       ; S[2]        ; 5.009 ; 5.099 ; 5.669 ; 5.759 ;
; B[0]       ; S[3]        ; 5.029 ; 5.251 ; 5.718 ; 5.902 ;
; B[1]       ; S[1]        ; 4.302 ; 4.393 ; 4.940 ; 5.024 ;
; B[1]       ; S[2]        ; 5.112 ; 5.202 ; 5.758 ; 5.848 ;
; B[1]       ; S[3]        ; 4.970 ; 5.192 ; 5.638 ; 5.845 ;
; B[2]       ; S[2]        ; 4.864 ; 4.954 ; 5.491 ; 5.581 ;
; B[2]       ; S[3]        ; 5.004 ; 5.170 ; 5.631 ; 5.797 ;
; B[3]       ; S[3]        ; 4.775 ; 4.954 ; 5.411 ; 5.583 ;
; C[0]       ; S[0]        ; 4.709 ; 4.798 ; 5.373 ; 5.446 ;
; C[0]       ; S[1]        ; 4.884 ; 4.975 ; 5.559 ; 5.643 ;
; C[0]       ; S[2]        ; 4.426 ; 4.535 ; 5.014 ; 5.123 ;
; C[0]       ; S[3]        ; 5.278 ; 5.451 ; 5.970 ; 6.126 ;
; C[1]       ; S[0]        ; 4.150 ; 4.230 ; 4.741 ; 4.840 ;
; C[1]       ; S[1]        ; 4.168 ; 4.255 ; 4.761 ; 4.867 ;
; C[1]       ; S[2]        ; 4.320 ; 4.435 ; 4.909 ; 5.020 ;
; C[1]       ; S[3]        ; 4.463 ; 4.625 ; 5.054 ; 5.236 ;
+------------+-------------+-------+-------+-------+-------+


---------------------------------------------
; Fast 1200mV 0C Model Metastability Report ;
---------------------------------------------
No synchronizer chains to report.


+----------------------------------------------------------------------------+
; Multicorner Timing Analysis Summary                                        ;
+------------------+-------+------+----------+---------+---------------------+
; Clock            ; Setup ; Hold ; Recovery ; Removal ; Minimum Pulse Width ;
+------------------+-------+------+----------+---------+---------------------+
; Worst-case Slack ; N/A   ; N/A  ; N/A      ; N/A     ; -3.000              ;
;  C[2]            ; N/A   ; N/A  ; N/A      ; N/A     ; -3.000              ;
; Design-wide TNS  ; 0.0   ; 0.0  ; 0.0      ; 0.0     ; -3.0                ;
;  C[2]            ; N/A   ; N/A  ; N/A      ; N/A     ; -3.000              ;
+------------------+-------+------+----------+---------+---------------------+


+-----------------------------------------------------------------------+
; Setup Times                                                           ;
+-----------+------------+-------+-------+------------+-----------------+
; Data Port ; Clock Port ; Rise  ; Fall  ; Clock Edge ; Clock Reference ;
+-----------+------------+-------+-------+------------+-----------------+
; A[*]      ; C[2]       ; 5.731 ; 6.104 ; Fall       ; C[2]            ;
;  A[0]     ; C[2]       ; 5.731 ; 6.104 ; Fall       ; C[2]            ;
;  A[1]     ; C[2]       ; 5.272 ; 5.774 ; Fall       ; C[2]            ;
;  A[2]     ; C[2]       ; 4.932 ; 5.197 ; Fall       ; C[2]            ;
;  A[3]     ; C[2]       ; 4.757 ; 5.191 ; Fall       ; C[2]            ;
; B[*]      ; C[2]       ; 5.125 ; 5.838 ; Fall       ; C[2]            ;
;  B[0]     ; C[2]       ; 5.047 ; 5.741 ; Fall       ; C[2]            ;
;  B[1]     ; C[2]       ; 5.075 ; 5.523 ; Fall       ; C[2]            ;
;  B[2]     ; C[2]       ; 5.125 ; 5.838 ; Fall       ; C[2]            ;
;  B[3]     ; C[2]       ; 4.613 ; 5.120 ; Fall       ; C[2]            ;
+-----------+------------+-------+-------+------------+-----------------+


+-------------------------------------------------------------------------+
; Hold Times                                                              ;
+-----------+------------+--------+--------+------------+-----------------+
; Data Port ; Clock Port ; Rise   ; Fall   ; Clock Edge ; Clock Reference ;
+-----------+------------+--------+--------+------------+-----------------+
; A[*]      ; C[2]       ; -1.564 ; -2.133 ; Fall       ; C[2]            ;
;  A[0]     ; C[2]       ; -1.920 ; -2.570 ; Fall       ; C[2]            ;
;  A[1]     ; C[2]       ; -1.859 ; -2.469 ; Fall       ; C[2]            ;
;  A[2]     ; C[2]       ; -1.564 ; -2.133 ; Fall       ; C[2]            ;
;  A[3]     ; C[2]       ; -1.794 ; -2.384 ; Fall       ; C[2]            ;
; B[*]      ; C[2]       ; -1.610 ; -2.238 ; Fall       ; C[2]            ;
;  B[0]     ; C[2]       ; -1.610 ; -2.238 ; Fall       ; C[2]            ;
;  B[1]     ; C[2]       ; -1.745 ; -2.361 ; Fall       ; C[2]            ;
;  B[2]     ; C[2]       ; -1.781 ; -2.405 ; Fall       ; C[2]            ;
;  B[3]     ; C[2]       ; -1.804 ; -2.433 ; Fall       ; C[2]            ;
+-----------+------------+--------+--------+------------+-----------------+


+-------------------------------------------------------------------------+
; Clock to Output Times                                                   ;
+-----------+------------+--------+--------+------------+-----------------+
; Data Port ; Clock Port ; Rise   ; Fall   ; Clock Edge ; Clock Reference ;
+-----------+------------+--------+--------+------------+-----------------+
; S[*]      ; C[2]       ; 10.132 ; 10.308 ; Rise       ; C[2]            ;
;  S[0]     ; C[2]       ; 9.569  ; 9.585  ; Rise       ; C[2]            ;
;  S[1]     ; C[2]       ; 9.407  ; 9.431  ; Rise       ; C[2]            ;
;  S[2]     ; C[2]       ; 9.229  ; 9.263  ; Rise       ; C[2]            ;
;  S[3]     ; C[2]       ; 10.132 ; 10.308 ; Rise       ; C[2]            ;
; S[*]      ; C[2]       ; 10.132 ; 10.308 ; Fall       ; C[2]            ;
;  S[0]     ; C[2]       ; 9.569  ; 9.585  ; Fall       ; C[2]            ;
;  S[1]     ; C[2]       ; 9.407  ; 9.431  ; Fall       ; C[2]            ;
;  S[2]     ; C[2]       ; 9.229  ; 9.263  ; Fall       ; C[2]            ;
;  S[3]     ; C[2]       ; 10.132 ; 10.308 ; Fall       ; C[2]            ;
; Zero      ; C[2]       ; 4.769  ; 4.744  ; Fall       ; C[2]            ;
+-----------+------------+--------+--------+------------+-----------------+


+-----------------------------------------------------------------------+
; Minimum Clock to Output Times                                         ;
+-----------+------------+-------+-------+------------+-----------------+
; Data Port ; Clock Port ; Rise  ; Fall  ; Clock Edge ; Clock Reference ;
+-----------+------------+-------+-------+------------+-----------------+
; S[*]      ; C[2]       ; 4.536 ; 4.604 ; Rise       ; C[2]            ;
;  S[0]     ; C[2]       ; 4.768 ; 4.857 ; Rise       ; C[2]            ;
;  S[1]     ; C[2]       ; 4.943 ; 5.034 ; Rise       ; C[2]            ;
;  S[2]     ; C[2]       ; 4.536 ; 4.604 ; Rise       ; C[2]            ;
;  S[3]     ; C[2]       ; 5.337 ; 5.510 ; Rise       ; C[2]            ;
; S[*]      ; C[2]       ; 4.536 ; 4.604 ; Fall       ; C[2]            ;
;  S[0]     ; C[2]       ; 4.768 ; 4.857 ; Fall       ; C[2]            ;
;  S[1]     ; C[2]       ; 4.943 ; 5.034 ; Fall       ; C[2]            ;
;  S[2]     ; C[2]       ; 4.536 ; 4.604 ; Fall       ; C[2]            ;
;  S[3]     ; C[2]       ; 5.337 ; 5.510 ; Fall       ; C[2]            ;
; Zero      ; C[2]       ; 3.042 ; 3.087 ; Fall       ; C[2]            ;
+-----------+------------+-------+-------+------------+-----------------+


+--------------------------------------------------------------+
; Propagation Delay                                            ;
+------------+-------------+--------+--------+--------+--------+
; Input Port ; Output Port ; RR     ; RF     ; FR     ; FF     ;
+------------+-------------+--------+--------+--------+--------+
; A[0]       ; S[0]        ; 8.837  ; 8.928  ; 9.419  ; 9.516  ;
; A[0]       ; S[1]        ; 9.054  ; 9.130  ; 9.390  ; 9.512  ;
; A[0]       ; S[2]        ; 10.486 ; 10.520 ; 10.994 ; 11.028 ;
; A[0]       ; S[3]        ; 9.704  ; 9.848  ; 10.061 ; 10.230 ;
; A[1]       ; S[1]        ; 8.270  ; 8.374  ; 8.734  ; 8.794  ;
; A[1]       ; S[2]        ; 10.027 ; 10.061 ; 10.664 ; 10.698 ;
; A[1]       ; S[3]        ; 9.507  ; 9.656  ; 10.032 ; 10.181 ;
; A[2]       ; S[2]        ; 9.286  ; 9.320  ; 9.774  ; 9.808  ;
; A[2]       ; S[3]        ; 8.905  ; 9.049  ; 9.162  ; 9.323  ;
; A[3]       ; S[3]        ; 9.056  ; 9.205  ; 9.493  ; 9.642  ;
; B[0]       ; S[0]        ; 8.346  ; 8.443  ; 8.817  ; 8.854  ;
; B[0]       ; S[1]        ; 8.333  ; 8.455  ; 9.064  ; 9.140  ;
; B[0]       ; S[2]        ; 9.937  ; 9.971  ; 10.496 ; 10.530 ;
; B[0]       ; S[3]        ; 9.046  ; 9.195  ; 9.714  ; 9.858  ;
; B[1]       ; S[1]        ; 8.048  ; 8.155  ; 8.550  ; 8.607  ;
; B[1]       ; S[2]        ; 9.965  ; 9.999  ; 10.278 ; 10.312 ;
; B[1]       ; S[3]        ; 9.293  ; 9.442  ; 9.844  ; 9.993  ;
; B[2]       ; S[2]        ; 9.691  ; 9.725  ; 10.136 ; 10.178 ;
; B[2]       ; S[3]        ; 9.061  ; 9.251  ; 9.811  ; 9.955  ;
; B[3]       ; S[3]        ; 8.603  ; 8.738  ; 9.093  ; 9.258  ;
; C[0]       ; S[0]        ; 8.982  ; 9.079  ; 9.480  ; 9.496  ;
; C[0]       ; S[1]        ; 8.764  ; 8.797  ; 9.318  ; 9.342  ;
; C[0]       ; S[2]        ; 8.594  ; 8.628  ; 9.140  ; 9.174  ;
; C[0]       ; S[3]        ; 9.525  ; 9.580  ; 10.043 ; 10.219 ;
; C[1]       ; S[0]        ; 8.805  ; 8.881  ; 9.226  ; 9.311  ;
; C[1]       ; S[1]        ; 8.643  ; 8.667  ; 9.064  ; 9.088  ;
; C[1]       ; S[2]        ; 8.465  ; 8.499  ; 8.886  ; 8.920  ;
; C[1]       ; S[3]        ; 9.368  ; 9.544  ; 9.789  ; 9.965  ;
+------------+-------------+--------+--------+--------+--------+


+----------------------------------------------------------+
; Minimum Propagation Delay                                ;
+------------+-------------+-------+-------+-------+-------+
; Input Port ; Output Port ; RR    ; RF    ; FR    ; FF    ;
+------------+-------------+-------+-------+-------+-------+
; A[0]       ; S[0]        ; 4.688 ; 4.779 ; 5.373 ; 5.448 ;
; A[0]       ; S[1]        ; 4.680 ; 4.789 ; 5.322 ; 5.450 ;
; A[0]       ; S[2]        ; 5.267 ; 5.357 ; 5.947 ; 6.037 ;
; A[0]       ; S[3]        ; 5.345 ; 5.511 ; 5.999 ; 6.180 ;
; A[1]       ; S[1]        ; 4.474 ; 4.565 ; 5.115 ; 5.199 ;
; A[1]       ; S[2]        ; 5.223 ; 5.313 ; 5.862 ; 5.952 ;
; A[1]       ; S[3]        ; 5.134 ; 5.341 ; 5.728 ; 5.950 ;
; A[2]       ; S[2]        ; 4.392 ; 4.501 ; 4.953 ; 5.062 ;
; A[2]       ; S[3]        ; 4.883 ; 5.066 ; 5.439 ; 5.657 ;
; A[3]       ; S[3]        ; 4.865 ; 5.038 ; 5.472 ; 5.655 ;
; B[0]       ; S[0]        ; 4.132 ; 4.216 ; 4.776 ; 4.853 ;
; B[0]       ; S[1]        ; 4.429 ; 4.542 ; 5.073 ; 5.179 ;
; B[0]       ; S[2]        ; 5.009 ; 5.099 ; 5.669 ; 5.759 ;
; B[0]       ; S[3]        ; 5.029 ; 5.251 ; 5.718 ; 5.902 ;
; B[1]       ; S[1]        ; 4.302 ; 4.393 ; 4.940 ; 5.024 ;
; B[1]       ; S[2]        ; 5.112 ; 5.202 ; 5.758 ; 5.848 ;
; B[1]       ; S[3]        ; 4.970 ; 5.192 ; 5.638 ; 5.845 ;
; B[2]       ; S[2]        ; 4.864 ; 4.954 ; 5.491 ; 5.581 ;
; B[2]       ; S[3]        ; 5.004 ; 5.170 ; 5.631 ; 5.797 ;
; B[3]       ; S[3]        ; 4.775 ; 4.954 ; 5.411 ; 5.583 ;
; C[0]       ; S[0]        ; 4.709 ; 4.798 ; 5.373 ; 5.446 ;
; C[0]       ; S[1]        ; 4.884 ; 4.975 ; 5.559 ; 5.643 ;
; C[0]       ; S[2]        ; 4.426 ; 4.535 ; 5.014 ; 5.123 ;
; C[0]       ; S[3]        ; 5.278 ; 5.451 ; 5.970 ; 6.126 ;
; C[1]       ; S[0]        ; 4.150 ; 4.230 ; 4.741 ; 4.840 ;
; C[1]       ; S[1]        ; 4.168 ; 4.255 ; 4.761 ; 4.867 ;
; C[1]       ; S[2]        ; 4.320 ; 4.435 ; 4.909 ; 5.020 ;
; C[1]       ; S[3]        ; 4.463 ; 4.625 ; 5.054 ; 5.236 ;
+------------+-------------+-------+-------+-------+-------+


+------------------------------------------------------------------------------------------------------------------------------------------------------------------------------------------------------------------------------------------------------------------------------------------------------------------------------------------------------------------------------------------------------------------+
; Board Trace Model Assignments                                                                                                                                                                                                                                                                                                                                                                                    ;
+---------------+--------------+-------------------+-------------------------+-------------------------+---------------+---------------------+----------------+------------------+--------+------------------+------------------------+------------------------+--------------+---------------+-----------------+-------+---------------------+--------------------+---------------+-----------------+-------------+
; Pin           ; I/O Standard ; Near Tline Length ; Near Tline L per Length ; Near Tline C per Length ; Near Series R ; Near Differential R ; Near Pull-up R ; Near Pull-down R ; Near C ; Far Tline Length ; Far Tline L per Length ; Far Tline C per Length ; Far Series R ; Far Pull-up R ; Far Pull-down R ; Far C ; Termination Voltage ; Far Differential R ; EBD File Name ; EBD Signal Name ; EBD Far-end ;
+---------------+--------------+-------------------+-------------------------+-------------------------+---------------+---------------------+----------------+------------------+--------+------------------+------------------------+------------------------+--------------+---------------+-----------------+-------+---------------------+--------------------+---------------+-----------------+-------------+
; Zero          ; 2.5 V        ; 0 in              ; 0 H/in                  ; 0 F/in                  ; short         ; -                   ; open           ; open             ; open   ; 0 in             ; 0 H/in                 ; 0 F/in                 ; short        ; open          ; open            ; open  ; 0 V                 ; -                  ; n/a           ; n/a             ; n/a         ;
; S[0]          ; 2.5 V        ; 0 in              ; 0 H/in                  ; 0 F/in                  ; short         ; -                   ; open           ; open             ; open   ; 0 in             ; 0 H/in                 ; 0 F/in                 ; short        ; open          ; open            ; open  ; 0 V                 ; -                  ; n/a           ; n/a             ; n/a         ;
; S[1]          ; 2.5 V        ; 0 in              ; 0 H/in                  ; 0 F/in                  ; short         ; -                   ; open           ; open             ; open   ; 0 in             ; 0 H/in                 ; 0 F/in                 ; short        ; open          ; open            ; open  ; 0 V                 ; -                  ; n/a           ; n/a             ; n/a         ;
; S[2]          ; 2.5 V        ; 0 in              ; 0 H/in                  ; 0 F/in                  ; short         ; -                   ; open           ; open             ; open   ; 0 in             ; 0 H/in                 ; 0 F/in                 ; short        ; open          ; open            ; open  ; 0 V                 ; -                  ; n/a           ; n/a             ; n/a         ;
; S[3]          ; 2.5 V        ; 0 in              ; 0 H/in                  ; 0 F/in                  ; short         ; -                   ; open           ; open             ; open   ; 0 in             ; 0 H/in                 ; 0 F/in                 ; short        ; open          ; open            ; open  ; 0 V                 ; -                  ; n/a           ; n/a             ; n/a         ;
; ~ALTERA_DCLK~ ; 2.5 V        ; 0 in              ; 0 H/in                  ; 0 F/in                  ; short         ; -                   ; open           ; open             ; open   ; 0 in             ; 0 H/in                 ; 0 F/in                 ; short        ; open          ; open            ; open  ; 0 V                 ; -                  ; n/a           ; n/a             ; n/a         ;
; ~ALTERA_nCEO~ ; 2.5 V        ; 0 in              ; 0 H/in                  ; 0 F/in                  ; short         ; -                   ; open           ; open             ; open   ; 0 in             ; 0 H/in                 ; 0 F/in                 ; short        ; open          ; open            ; open  ; 0 V                 ; -                  ; n/a           ; n/a             ; n/a         ;
+---------------+--------------+-------------------+-------------------------+-------------------------+---------------+---------------------+----------------+------------------+--------+------------------+------------------------+------------------------+--------------+---------------+-----------------+-------+---------------------+--------------------+---------------+-----------------+-------------+


+----------------------------------------------------------------------------+
; Input Transition Times                                                     ;
+-------------------------+--------------+-----------------+-----------------+
; Pin                     ; I/O Standard ; 10-90 Rise Time ; 90-10 Fall Time ;
+-------------------------+--------------+-----------------+-----------------+
; A[0]                    ; 2.5 V        ; 2000 ps         ; 2000 ps         ;
; B[0]                    ; 2.5 V        ; 2000 ps         ; 2000 ps         ;
; C[2]                    ; 2.5 V        ; 2000 ps         ; 2000 ps         ;
; C[0]                    ; 2.5 V        ; 2000 ps         ; 2000 ps         ;
; C[1]                    ; 2.5 V        ; 2000 ps         ; 2000 ps         ;
; A[1]                    ; 2.5 V        ; 2000 ps         ; 2000 ps         ;
; B[1]                    ; 2.5 V        ; 2000 ps         ; 2000 ps         ;
; B[2]                    ; 2.5 V        ; 2000 ps         ; 2000 ps         ;
; A[2]                    ; 2.5 V        ; 2000 ps         ; 2000 ps         ;
; B[3]                    ; 2.5 V        ; 2000 ps         ; 2000 ps         ;
; A[3]                    ; 2.5 V        ; 2000 ps         ; 2000 ps         ;
; ~ALTERA_ASDO_DATA1~     ; 2.5 V        ; 2000 ps         ; 2000 ps         ;
; ~ALTERA_FLASH_nCE_nCSO~ ; 2.5 V        ; 2000 ps         ; 2000 ps         ;
; ~ALTERA_DATA0~          ; 2.5 V        ; 2000 ps         ; 2000 ps         ;
+-------------------------+--------------+-----------------+-----------------+


+--------------------------------------------------------------------------------------------------------------------------------------------------------------------------------------------------------------------------------------------------------------------------------------------------------------------------------------------------------------------------------------------------------------------------------------------------------------------------------------------------------------------------------------------------------------------------------------------------------------------------------------------------------------------------------------------+
; Slow Corner Signal Integrity Metrics                                                                                                                                                                                                                                                                                                                                                                                                                                                                                                                                                                                                                                                       ;
+---------------+--------------+---------------------+---------------------+------------------------------+------------------------------+---------------------+---------------------+--------------------------------------+--------------------------------------+-----------------------------+-----------------------------+----------------------------+----------------------------+-----------------------------+-----------------------------+--------------------+--------------------+-------------------------------------+-------------------------------------+----------------------------+----------------------------+---------------------------+---------------------------+
; Pin           ; I/O Standard ; Board Delay on Rise ; Board Delay on Fall ; Steady State Voh at FPGA Pin ; Steady State Vol at FPGA Pin ; Voh Max at FPGA Pin ; Vol Min at FPGA Pin ; Ringback Voltage on Rise at FPGA Pin ; Ringback Voltage on Fall at FPGA Pin ; 10-90 Rise Time at FPGA Pin ; 90-10 Fall Time at FPGA Pin ; Monotonic Rise at FPGA Pin ; Monotonic Fall at FPGA Pin ; Steady State Voh at Far-end ; Steady State Vol at Far-end ; Voh Max at Far-end ; Vol Min at Far-end ; Ringback Voltage on Rise at Far-end ; Ringback Voltage on Fall at Far-end ; 10-90 Rise Time at Far-end ; 90-10 Fall Time at Far-end ; Monotonic Rise at Far-end ; Monotonic Fall at Far-end ;
+---------------+--------------+---------------------+---------------------+------------------------------+------------------------------+---------------------+---------------------+--------------------------------------+--------------------------------------+-----------------------------+-----------------------------+----------------------------+----------------------------+-----------------------------+-----------------------------+--------------------+--------------------+-------------------------------------+-------------------------------------+----------------------------+----------------------------+---------------------------+---------------------------+
; Zero          ; 2.5 V        ; 0 s                 ; 0 s                 ; 2.32 V                       ; 1.06e-06 V                   ; 2.36 V              ; -0.00548 V          ; 0.108 V                              ; 0.017 V                              ; 4.48e-10 s                  ; 4.25e-10 s                  ; Yes                        ; Yes                        ; 2.32 V                      ; 1.06e-06 V                  ; 2.36 V             ; -0.00548 V         ; 0.108 V                             ; 0.017 V                             ; 4.48e-10 s                 ; 4.25e-10 s                 ; Yes                       ; Yes                       ;
; S[0]          ; 2.5 V        ; 0 s                 ; 0 s                 ; 2.32 V                       ; 1.06e-06 V                   ; 2.36 V              ; -0.00548 V          ; 0.108 V                              ; 0.017 V                              ; 4.48e-10 s                  ; 4.25e-10 s                  ; Yes                        ; Yes                        ; 2.32 V                      ; 1.06e-06 V                  ; 2.36 V             ; -0.00548 V         ; 0.108 V                             ; 0.017 V                             ; 4.48e-10 s                 ; 4.25e-10 s                 ; Yes                       ; Yes                       ;
; S[1]          ; 2.5 V        ; 0 s                 ; 0 s                 ; 2.32 V                       ; 1.06e-06 V                   ; 2.36 V              ; -0.00548 V          ; 0.108 V                              ; 0.017 V                              ; 4.48e-10 s                  ; 4.25e-10 s                  ; Yes                        ; Yes                        ; 2.32 V                      ; 1.06e-06 V                  ; 2.36 V             ; -0.00548 V         ; 0.108 V                             ; 0.017 V                             ; 4.48e-10 s                 ; 4.25e-10 s                 ; Yes                       ; Yes                       ;
; S[2]          ; 2.5 V        ; 0 s                 ; 0 s                 ; 2.32 V                       ; 1.06e-06 V                   ; 2.36 V              ; -0.00548 V          ; 0.108 V                              ; 0.017 V                              ; 4.48e-10 s                  ; 4.25e-10 s                  ; Yes                        ; Yes                        ; 2.32 V                      ; 1.06e-06 V                  ; 2.36 V             ; -0.00548 V         ; 0.108 V                             ; 0.017 V                             ; 4.48e-10 s                 ; 4.25e-10 s                 ; Yes                       ; Yes                       ;
; S[3]          ; 2.5 V        ; 0 s                 ; 0 s                 ; 2.32 V                       ; 1.06e-06 V                   ; 2.36 V              ; -0.00548 V          ; 0.108 V                              ; 0.017 V                              ; 4.48e-10 s                  ; 4.25e-10 s                  ; Yes                        ; Yes                        ; 2.32 V                      ; 1.06e-06 V                  ; 2.36 V             ; -0.00548 V         ; 0.108 V                             ; 0.017 V                             ; 4.48e-10 s                 ; 4.25e-10 s                 ; Yes                       ; Yes                       ;
; ~ALTERA_DCLK~ ; 2.5 V        ; 0 s                 ; 0 s                 ; 2.32 V                       ; 5.68e-07 V                   ; 2.36 V              ; -0.0222 V           ; 0.073 V                              ; 0.035 V                              ; 3.97e-10 s                  ; 3.26e-10 s                  ; Yes                        ; Yes                        ; 2.32 V                      ; 5.68e-07 V                  ; 2.36 V             ; -0.0222 V          ; 0.073 V                             ; 0.035 V                             ; 3.97e-10 s                 ; 3.26e-10 s                 ; Yes                       ; Yes                       ;
; ~ALTERA_nCEO~ ; 2.5 V        ; 0 s                 ; 0 s                 ; 2.32 V                       ; 9.36e-07 V                   ; 2.35 V              ; -0.00597 V          ; 0.081 V                              ; 0.031 V                              ; 5.3e-10 s                   ; 7.56e-10 s                  ; Yes                        ; Yes                        ; 2.32 V                      ; 9.36e-07 V                  ; 2.35 V             ; -0.00597 V         ; 0.081 V                             ; 0.031 V                             ; 5.3e-10 s                  ; 7.56e-10 s                 ; Yes                       ; Yes                       ;
+---------------+--------------+---------------------+---------------------+------------------------------+------------------------------+---------------------+---------------------+--------------------------------------+--------------------------------------+-----------------------------+-----------------------------+----------------------------+----------------------------+-----------------------------+-----------------------------+--------------------+--------------------+-------------------------------------+-------------------------------------+----------------------------+----------------------------+---------------------------+---------------------------+


+--------------------------------------------------------------------------------------------------------------------------------------------------------------------------------------------------------------------------------------------------------------------------------------------------------------------------------------------------------------------------------------------------------------------------------------------------------------------------------------------------------------------------------------------------------------------------------------------------------------------------------------------------------------------------------------------+
; Fast Corner Signal Integrity Metrics                                                                                                                                                                                                                                                                                                                                                                                                                                                                                                                                                                                                                                                       ;
+---------------+--------------+---------------------+---------------------+------------------------------+------------------------------+---------------------+---------------------+--------------------------------------+--------------------------------------+-----------------------------+-----------------------------+----------------------------+----------------------------+-----------------------------+-----------------------------+--------------------+--------------------+-------------------------------------+-------------------------------------+----------------------------+----------------------------+---------------------------+---------------------------+
; Pin           ; I/O Standard ; Board Delay on Rise ; Board Delay on Fall ; Steady State Voh at FPGA Pin ; Steady State Vol at FPGA Pin ; Voh Max at FPGA Pin ; Vol Min at FPGA Pin ; Ringback Voltage on Rise at FPGA Pin ; Ringback Voltage on Fall at FPGA Pin ; 10-90 Rise Time at FPGA Pin ; 90-10 Fall Time at FPGA Pin ; Monotonic Rise at FPGA Pin ; Monotonic Fall at FPGA Pin ; Steady State Voh at Far-end ; Steady State Vol at Far-end ; Voh Max at Far-end ; Vol Min at Far-end ; Ringback Voltage on Rise at Far-end ; Ringback Voltage on Fall at Far-end ; 10-90 Rise Time at Far-end ; 90-10 Fall Time at Far-end ; Monotonic Rise at Far-end ; Monotonic Fall at Far-end ;
+---------------+--------------+---------------------+---------------------+------------------------------+------------------------------+---------------------+---------------------+--------------------------------------+--------------------------------------+-----------------------------+-----------------------------+----------------------------+----------------------------+-----------------------------+-----------------------------+--------------------+--------------------+-------------------------------------+-------------------------------------+----------------------------+----------------------------+---------------------------+---------------------------+
; Zero          ; 2.5 V        ; 0 s                 ; 0 s                 ; 2.62 V                       ; 4.02e-08 V                   ; 2.71 V              ; -0.0354 V           ; 0.174 V                              ; 0.098 V                              ; 2.73e-10 s                  ; 2.69e-10 s                  ; Yes                        ; Yes                        ; 2.62 V                      ; 4.02e-08 V                  ; 2.71 V             ; -0.0354 V          ; 0.174 V                             ; 0.098 V                             ; 2.73e-10 s                 ; 2.69e-10 s                 ; Yes                       ; Yes                       ;
; S[0]          ; 2.5 V        ; 0 s                 ; 0 s                 ; 2.62 V                       ; 4.02e-08 V                   ; 2.71 V              ; -0.0354 V           ; 0.174 V                              ; 0.098 V                              ; 2.73e-10 s                  ; 2.69e-10 s                  ; Yes                        ; Yes                        ; 2.62 V                      ; 4.02e-08 V                  ; 2.71 V             ; -0.0354 V          ; 0.174 V                             ; 0.098 V                             ; 2.73e-10 s                 ; 2.69e-10 s                 ; Yes                       ; Yes                       ;
; S[1]          ; 2.5 V        ; 0 s                 ; 0 s                 ; 2.62 V                       ; 4.02e-08 V                   ; 2.71 V              ; -0.0354 V           ; 0.174 V                              ; 0.098 V                              ; 2.73e-10 s                  ; 2.69e-10 s                  ; Yes                        ; Yes                        ; 2.62 V                      ; 4.02e-08 V                  ; 2.71 V             ; -0.0354 V          ; 0.174 V                             ; 0.098 V                             ; 2.73e-10 s                 ; 2.69e-10 s                 ; Yes                       ; Yes                       ;
; S[2]          ; 2.5 V        ; 0 s                 ; 0 s                 ; 2.62 V                       ; 4.02e-08 V                   ; 2.71 V              ; -0.0354 V           ; 0.174 V                              ; 0.098 V                              ; 2.73e-10 s                  ; 2.69e-10 s                  ; Yes                        ; Yes                        ; 2.62 V                      ; 4.02e-08 V                  ; 2.71 V             ; -0.0354 V          ; 0.174 V                             ; 0.098 V                             ; 2.73e-10 s                 ; 2.69e-10 s                 ; Yes                       ; Yes                       ;
; S[3]          ; 2.5 V        ; 0 s                 ; 0 s                 ; 2.62 V                       ; 4.02e-08 V                   ; 2.71 V              ; -0.0354 V           ; 0.174 V                              ; 0.098 V                              ; 2.73e-10 s                  ; 2.69e-10 s                  ; Yes                        ; Yes                        ; 2.62 V                      ; 4.02e-08 V                  ; 2.71 V             ; -0.0354 V          ; 0.174 V                             ; 0.098 V                             ; 2.73e-10 s                 ; 2.69e-10 s                 ; Yes                       ; Yes                       ;
; ~ALTERA_DCLK~ ; 2.5 V        ; 0 s                 ; 0 s                 ; 2.62 V                       ; 2.2e-08 V                    ; 2.74 V              ; -0.061 V            ; 0.159 V                              ; 0.078 V                              ; 2.7e-10 s                   ; 2.2e-10 s                   ; No                         ; Yes                        ; 2.62 V                      ; 2.2e-08 V                   ; 2.74 V             ; -0.061 V           ; 0.159 V                             ; 0.078 V                             ; 2.7e-10 s                  ; 2.2e-10 s                  ; No                        ; Yes                       ;
; ~ALTERA_nCEO~ ; 2.5 V        ; 0 s                 ; 0 s                 ; 2.62 V                       ; 3.52e-08 V                   ; 2.7 V               ; -0.0121 V           ; 0.274 V                              ; 0.034 V                              ; 3.18e-10 s                  ; 4.96e-10 s                  ; No                         ; Yes                        ; 2.62 V                      ; 3.52e-08 V                  ; 2.7 V              ; -0.0121 V          ; 0.274 V                             ; 0.034 V                             ; 3.18e-10 s                 ; 4.96e-10 s                 ; No                        ; Yes                       ;
+---------------+--------------+---------------------+---------------------+------------------------------+------------------------------+---------------------+---------------------+--------------------------------------+--------------------------------------+-----------------------------+-----------------------------+----------------------------+----------------------------+-----------------------------+-----------------------------+--------------------+--------------------+-------------------------------------+-------------------------------------+----------------------------+----------------------------+---------------------------+---------------------------+


-------------------
; Clock Transfers ;
-------------------
Nothing to report.


---------------
; Report TCCS ;
---------------
No dedicated SERDES Transmitter circuitry present in device or used in design


---------------
; Report RSKM ;
---------------
No non-DPA dedicated SERDES Receiver circuitry present in device or used in design


+------------------------------------------------+
; Unconstrained Paths                            ;
+---------------------------------+-------+------+
; Property                        ; Setup ; Hold ;
+---------------------------------+-------+------+
; Illegal Clocks                  ; 0     ; 0    ;
; Unconstrained Clocks            ; 0     ; 0    ;
; Unconstrained Input Ports       ; 11    ; 11   ;
; Unconstrained Input Port Paths  ; 40    ; 40   ;
; Unconstrained Output Ports      ; 5     ; 5    ;
; Unconstrained Output Port Paths ; 33    ; 33   ;
+---------------------------------+-------+------+


+------------------------------------+
; TimeQuest Timing Analyzer Messages ;
+------------------------------------+
Info: *******************************************************************
Info: Running Quartus II 64-Bit TimeQuest Timing Analyzer
    Info: Version 13.1.0 Build 162 10/23/2013 SJ Web Edition
    Info: Processing started: Mon Jun 24 20:55:43 2024
Info: Command: quartus_sta ULA -c ULA
Info: qsta_default_script.tcl version: #1
Warning (20028): Parallel compilation is not licensed and has been disabled
Info (21077): Low junction temperature is 0 degrees C
Info (21077): High junction temperature is 85 degrees C
Warning (335093): TimeQuest Timing Analyzer is analyzing 1 combinational loops as latches.
Critical Warning (332012): Synopsys Design Constraints File file not found: 'ULA.sdc'. A Synopsys Design Constraints File is required by the TimeQuest Timing Analyzer to get proper timing constraints. Without it, the Compiler will not properly optimize the design.
Info (332142): No user constrained base clocks found in the design. Calling "derive_clocks -period 1.0"
Info (332105): Deriving Clocks
    Info (332105): create_clock -period 1.000 -name C[2] C[2]
Info (332143): No user constrained clock uncertainty found in the design. Calling "derive_clock_uncertainty"
Info (332154): The derive_clock_uncertainty command did not apply clock uncertainty to any clock-to-clock transfers.
Info: Found TIMEQUEST_REPORT_SCRIPT_INCLUDE_DEFAULT_ANALYSIS = ON
Info: Analyzing Slow 1200mV 85C Model
Info (332140): No fmax paths to report
Info (332140): No Setup paths to report
Info (332140): No Hold paths to report
Info (332140): No Recovery paths to report
Info (332140): No Removal paths to report
Critical Warning (332148): Timing requirements not met
    Info (11105): For recommendations on closing timing, run Report Timing Closure Recommendations in the TimeQuest Timing Analyzer.
Info (332146): Worst-case minimum pulse width slack is -3.000
    Info (332119):     Slack       End Point TNS Clock 
    Info (332119): ========= =================== =====================
    Info (332119):    -3.000              -3.000 C[2] 
Info: Analyzing Slow 1200mV 0C Model
Info (334003): Started post-fitting delay annotation
Info (334004): Delay annotation completed successfully
Info (332154): The derive_clock_uncertainty command did not apply clock uncertainty to any clock-to-clock transfers.
Info (332140): No fmax paths to report
Info (332140): No Setup paths to report
Info (332140): No Hold paths to report
Info (332140): No Recovery paths to report
Info (332140): No Removal paths to report
Critical Warning (332148): Timing requirements not met
    Info (11105): For recommendations on closing timing, run Report Timing Closure Recommendations in the TimeQuest Timing Analyzer.
Info (332146): Worst-case minimum pulse width slack is -3.000
    Info (332119):     Slack       End Point TNS Clock 
    Info (332119): ========= =================== =====================
    Info (332119):    -3.000              -3.000 C[2] 
Info: Analyzing Fast 1200mV 0C Model
Info (332154): The derive_clock_uncertainty command did not apply clock uncertainty to any clock-to-clock transfers.
Info (332140): No Setup paths to report
Info (332140): No Hold paths to report
Info (332140): No Recovery paths to report
Info (332140): No Removal paths to report
Critical Warning (332148): Timing requirements not met
    Info (11105): For recommendations on closing timing, run Report Timing Closure Recommendations in the TimeQuest Timing Analyzer.
Info (332146): Worst-case minimum pulse width slack is -3.000
    Info (332119):     Slack       End Point TNS Clock 
    Info (332119): ========= =================== =====================
    Info (332119):    -3.000              -3.000 C[2] 
Info (332102): Design is not fully constrained for setup requirements
Info (332102): Design is not fully constrained for hold requirements
Info: Quartus II 64-Bit TimeQuest Timing Analyzer was successful. 0 errors, 6 warnings
    Info: Peak virtual memory: 4603 megabytes
    Info: Processing ended: Mon Jun 24 20:55:44 2024
    Info: Elapsed time: 00:00:01
    Info: Total CPU time (on all processors): 00:00:01


